// Jest Snapshot v1, https://goo.gl/fbAQLP

exports[`<IconInfoTooltip> Composition of Tooltip renders 1`] = `undefined`;
