// Jest Snapshot v1, https://goo.gl/fbAQLP

exports[`<Home> Home Page Container renders 1`] = `undefined`;
