// Jest Snapshot v1, https://goo.gl/fbAQLP

exports[`<SellerTable> SellerTable renders 1`] = `undefined`;
